Component: ARM Compiler 5.05 update 2 (build 169) Tool: armlink [4d0f33]

==============================================================================

Section Cross References

    startup_lpc177x_8x.o(STACK) refers (Special) to heapauxi.o(.text) for __use_two_region_memory
    startup_lpc177x_8x.o(HEAP) refers (Special) to heapauxi.o(.text) for __use_two_region_memory
    startup_lpc177x_8x.o(RESET) refers (Special) to heapauxi.o(.text) for __use_two_region_memory
    startup_lpc177x_8x.o(RESET) refers to startup_lpc177x_8x.o(STACK) for __initial_sp
    startup_lpc177x_8x.o(RESET) refers to startup_lpc177x_8x.o(.text) for Reset_Handler
    startup_lpc177x_8x.o(RESET) refers to timer.o(.text) for TIMER0_IRQHandler
    startup_lpc177x_8x.o(RESET) refers to mt318.o(.text) for UART0_IRQHandler
    startup_lpc177x_8x.o(RESET) refers to modbus.o(.text) for UART1_IRQHandler
    startup_lpc177x_8x.o(RESET) refers to uart.o(.text) for UART2_IRQHandler
    startup_lpc177x_8x.o(RESET) refers to i2c0.o(.text) for I2C0_IRQHandler
    startup_lpc177x_8x.o(RESET) refers to i2c1.o(.text) for I2C1_IRQHandler
    startup_lpc177x_8x.o(RESET) refers to ssp.o(.text) for SSP0_IRQHandler
    startup_lpc177x_8x.o(.ARM.__at_0x02FC) refers (Special) to heapauxi.o(.text) for __use_two_region_memory
    startup_lpc177x_8x.o(.text) refers (Special) to heapauxi.o(.text) for __use_two_region_memory
    startup_lpc177x_8x.o(.text) refers to system_lpc177x_8x.o(.text) for SystemInit
    startup_lpc177x_8x.o(.text) refers to __main.o(!!!main) for __main
    startup_lpc177x_8x.o(.text) refers to startup_lpc177x_8x.o(HEAP) for Heap_Mem
    startup_lpc177x_8x.o(.text) refers to startup_lpc177x_8x.o(STACK) for Stack_Mem
    system_lpc177x_8x.o(.text) refers to system_lpc177x_8x.o(.data) for SystemCoreClock
    adc.o(.text) refers to main.o(.bss) for sysparas
    adc.o(.text) refers to modbus.o(.bss) for realtime
    at24c512.o(.text) refers to delay.o(.text) for UsDelay
    at24c512.o(.text) refers to i2c0.o(.text) for I2C0WriteNByte
    ctrl.o(.text) refers to main.o(.bss) for globalvar
    devicetest.o(.text) refers to fyd12864.o(.text) for Fyd12864DispPrintf
    devicetest.o(.text) refers to at24c512.o(.text) for At24C512ReadNByte
    devicetest.o(.text) refers to eeprom.o(.text) for EepromInterWriteNByte
    devicetest.o(.text) refers to menu.o(.text) for SetSuccess
    devicetest.o(.text) refers to printer.o(.text) for WHPrinterHead
    devicetest.o(.text) refers to splc.o(.text) for OsplcHardwarechk
    devicetest.o(.text) refers to main.o(.bss) for globalvar
    devicetest.o(.text) refers to menu.o(.data) for DispUI
    devicetest.o(.text) refers to modbus.o(.text) for ModbusReadDeviceAddress
    devicetest.o(.text) refers to delay.o(.text) for MsDelay
    devicetest.o(.text) refers to adc.o(.text) for PlADCGetValue
    devicetest.o(.text) refers to dflt_clz.o(x$fpl$dfltu) for __aeabi_ui2d
    devicetest.o(.text) refers to ddiv.o(x$fpl$ddiv) for __aeabi_ddiv
    devicetest.o(.text) refers to main.o(.text) for DispFirst
    ds3232.o(.text) refers to i2c0.o(.text) for I2C0ReadNByte
    ds3232.o(.text) refers to ds3232.o(.data) for time
    eeprom.o(.text) refers to at24c512.o(.text) for At24C512WriteNByte
    eeprom.o(.text) refers to crc.o(.text) for CRC16Calculate
    eeprom.o(.text) refers to system_lpc177x_8x.o(.data) for SystemCoreClock
    eeprom.o(.text) refers to main.o(.data) for syserr
    eeprom.o(.text) refers to main.o(.bss) for sysparas
    eeprom.o(.text) refers to eeprom.o(.data) for SYSPARA_ADDR
    fm25l04.o(.text) refers to ssp.o(.text) for Fm25L04AndFlashSpiSend
    fm25l04.o(.text) refers to fm25l04.o(.data) for Fm25l04TestAdd
    fm25l04.o(.text) refers to main.o(.data) for syserr
    fyd12864.o(.text) refers to delay.o(.text) for UsDelay
    fyd12864.o(.text) refers to strlen.o(.text) for strlen
    fyd12864.o(.text) refers to c89vsprintf.o(.text) for __c89vsprintf
    i2c0.o(.text) refers to i2c0.o(.data) for I2C0_EndFlag
    i2c0.o(.text) refers to system_lpc177x_8x.o(.data) for PeripheralClock
    i2c1.o(.text) refers to delay.o(.text) for MsDelay
    i2c1.o(.text) refers to fyd12864.o(.text) for Fyd12864DispPrintf
    i2c1.o(.text) refers to i2c1.o(.data) for I2C_end
    i2c1.o(.text) refers to system_lpc177x_8x.o(.data) for PeripheralClock
    keyboard.o(.text) refers to delay.o(.text) for MsDelay
    keyboard.o(.text) refers to ctrl.o(.text) for BeepOut
    keyboard.o(.text) refers to main.o(.bss) for globalvar
    keyboard.o(.text) refers to keyboard.o(.bss) for ScreenInput
    menu.o(.text) refers to _printf_percent.o(.ARM.Collect$$_printf_percent$$00000000) for _printf_percent
    menu.o(.text) refers to _printf_f.o(.ARM.Collect$$_printf_percent$$00000003) for _printf_f
    menu.o(.text) refers to printf1.o(x$fpl$printf1) for _printf_fp_dec
    menu.o(.text) refers to keyboard.o(.text) for NumKeyHandler
    menu.o(.text) refers to fyd12864.o(.text) for Fyd12864DispPrintf
[...]
    ModbusReadScanReg                        0x00007f25   Thumb Code   120  modbus.o(.text)
    ModbusReadReg                            0x00007f9d   Thumb Code   122  modbus.o(.text)
    ModbusWriteReg                           0x00008017   Thumb Code   122  modbus.o(.text)
    ModbusReadDeviceAddress                  0x00008091   Thumb Code    94  modbus.o(.text)
    ModbusWriteDeviceAddress                 0x000080ef   Thumb Code   118  modbus.o(.text)
    ModbusReadTotal                          0x00008165   Thumb Code   138  modbus.o(.text)
    ModbusReadFlow                           0x000081ef   Thumb Code   136  modbus.o(.text)
    ModbusClearTotal                         0x00008277   Thumb Code   100  modbus.o(.text)
    ModbusInitReg                            0x000082db   Thumb Code   368  modbus.o(.text)
    ModbusReadScanBuffer                     0x0000844b   Thumb Code    52  modbus.o(.text)
    ModbusComTest                            0x0000847f   Thumb Code    30  modbus.o(.text)
    ModbusRecDataCheck                       0x0000849d   Thumb Code   258  modbus.o(.text)
    UART1_IRQHandler                         0x0000859f   Thumb Code   242  modbus.o(.text)
    Mt318CrcVerify                           0x000086a5   Thumb Code    28  mt318.o(.text)
    Mt318GetCardStatus                       0x000086c1   Thumb Code   182  mt318.o(.text)
    Mt318GetCardSerialNum                    0x00008777   Thumb Code   164  mt318.o(.text)
    Mt318VerifyKey                           0x0000881b   Thumb Code   248  mt318.o(.text)
    Mt318ReadM1Card                          0x00008913   Thumb Code   292  mt318.o(.text)
    Mt318WriteM1Card                         0x00008a37   Thumb Code   340  mt318.o(.text)
    Mt318RecDataCheck                        0x00008b8b   Thumb Code   180  mt318.o(.text)
    UART0_IRQHandler                         0x00008c3f   Thumb Code   186  mt318.o(.text)
    WHPrinterInit                            0x00008d21   Thumb Code    96  printer.o(.text)
    WHPrinterNormalCmd                       0x00008d81   Thumb Code    22  printer.o(.text)
    WHPrinterFreeRow                         0x00008d97   Thumb Code    34  printer.o(.text)
    WHPrinterHead                            0x00008db9   Thumb Code    22  printer.o(.text)
    uart0GetByte                             0x00008dcf   Thumb Code    52  printer.o(.text)
    WHPrinterCheck                           0x00008e03   Thumb Code    50  printer.o(.text)
    WHPrintReady                             0x00008e35   Thumb Code    18  printer.o(.text)
    uart0PutString                           0x00008e47   Thumb Code    24  printer.o(.text)
    WHPrintf                                 0x00008e5f   Thumb Code    36  printer.o(.text)
    WHFuelRecord                             0x00008e83   Thumb Code   554  printer.o(.text)
    Printid                                  0x000090ad   Thumb Code    18  printer.o(.text)
    WHFuelShifRecord                         0x000090bf   Thumb Code   980  printer.o(.text)
    WHFuelSumRecord                          0x00009493   Thumb Code   272  printer.o(.text)
    PrintSum                                 0x000095a3   Thumb Code    18  printer.o(.text)
    WHFuelSysInfo                            0x000095b5   Thumb Code  1514  printer.o(.text)
    PrintSysInfo                             0x00009b9f   Thumb Code    18  printer.o(.text)
    PrintShifid                              0x00009bb1   Thumb Code    18  printer.o(.text)
    DispBai                                  0x00009e05   Thumb Code    52  query.o(.text)
    DispHeiDel                               0x00009e39   Thumb Code    52  query.o(.text)
    DispHeiAdd                               0x00009e6d   Thumb Code    52  query.o(.text)
    DispHei                                  0x00009ea1   Thumb Code    52  query.o(.text)
    DispHeiBai                               0x00009ed5   Thumb Code   108  query.o(.text)
    RecordXGDown                             0x00009f41   Thumb Code    36  query.o(.text)
    RecordXGUp                               0x00009f65   Thumb Code    30  query.o(.text)
    DispXGRecord                             0x00009f83   Thumb Code  1130  query.o(.text)
    DispInputXGNum                           0x0000a3ed   Thumb Code   182  query.o(.text)
    Printershifid                            0x0000a4a3   Thumb Code    14  query.o(.text)
    RecordShifDown                           0x0000a4b1   Thumb Code    38  query.o(.text)
    RecordShifUp                             0x0000a4d7   Thumb Code    32  query.o(.text)
    DispshifRecord                           0x0000a4f7   Thumb Code   242  query.o(.text)
    DispInputShifTransNum                    0x0000a5e9   Thumb Code   138  query.o(.text)
    PrinterSysInfo                           0x0000a673   Thumb Code    14  query.o(.text)
    DispSysParas9                            0x0000a681   Thumb Code    80  query.o(.text)
    DispSysParas8                            0x0000a6d1   Thumb Code   112  query.o(.text)
    DispSysParas7                            0x0000a741   Thumb Code   492  query.o(.text)
    DispSysParas6                            0x0000a92d   Thumb Code   112  query.o(.text)
    DispSysParas5                            0x0000a99d   Thumb Code   160  query.o(.text)
    DispSysParas4                            0x0000aa3d   Thumb Code   164  query.o(.text)
    DispSysParas3                            0x0000aae1   Thumb Code   136  query.o(.text)
    DispSysParas2                            0x0000ab69   Thumb Code   160  query.o(.text)
    DispSysParas1                            0x0000ac09   Thumb Code   134  query.o(.text)
    DispQuery2                               0x0000ac8f   Thumb Code   586  query.o(.text)
    DispSystemVer                            0x0000aed9   Thumb Code    50  query.o(.text)
    Printerid                                0x0000af0b   Thumb Code    14  query.o(.text)
    RecordDown                               0x0000af19   Thumb Code    38  query.o(.text)
    RecordUp                                 0x0000af3f   Thumb Code    32  query.o(.text)
    DispRecord                               0x0000af5f   Thumb Code   200  query.o(.text)
    DispInputTransNum                        0x0000b027   Thumb Code   192  query.o(.text)
    DispShiftSum                             0x0000b0e7   Thumb Code   126  query.o(.text)
    DispQuery1                               0x0000b165   Thumb Code   134  query.o(.text)
    DispSum                                  0x0000b1eb   Thumb Code   144  query.o(.text)
    PrinterSum                               0x0000b27b   Thumb Code   334  query.o(.text)
    DebugHeiBai                              0x0000b3c9   Thumb Code   234  query.o(.text)
    OsplcPortInit                            0x0000b4f5   Thumb Code    64  splc.o(.text)
    OsplcLatch                               0x0000b535   Thumb Code    40  splc.o(.text)
    OsplcEnclk                               0x0000b55d   Thumb Code    40  splc.o(.text)
    OsplcDot                                 0x0000b585   Thumb Code    58  splc.o(.text)
    OsplcDispB                               0x0000b5bf   Thumb Code   118  splc.o(.text)
    OsplcShowB                               0x0000b635   Thumb Code   334  splc.o(.text)
    OsplcDispN                               0x0000b783   Thumb Code    76  splc.o(.text)
    OsplcFrateBack                           0x0000b7cf   Thumb Code   160  splc.o(.text)
    OsplcFlrateBack                          0x0000b86f   Thumb Code   216  splc.o(.text)
    OsplcDrvgainFunc                         0x0000b947   Thumb Code   160  splc.o(.text)
    OsplcDrvgain                             0x0000b9e7   Thumb Code   126  splc.o(.text)
    OsplcWarnning                            0x0000ba65   Thumb Code   236  splc.o(.text)
    OsplcTemperatureFunc                     0x0000bb51   Thumb Code   192  splc.o(.text)
    OsplcTemperatureEx                       0x0000bc11   Thumb Code   122  splc.o(.text)
    OsplcTemperature                         0x0000bc8b   Thumb Code   108  splc.o(.text)
    OsplcPressure                            0x0000bcf7   Thumb Code   328  splc.o(.text)
    OsplcFrateFunc                           0x0000be3f   Thumb Code   192  splc.o(.text)
    OsplcFlRate                              0x0000beff   Thumb Code   152  splc.o(.text)
    OsplcGunNum                              0x0000bf97   Thumb Code   126  splc.o(.text)
    OsplcPriceFunc                           0x0000c015   Thumb Code   192  splc.o(.text)
    OsplcPrice                               0x0000c0d5   Thumb Code   212  splc.o(.text)
    OsplcSumFunc                             0x0000c1a9   Thumb Code   192  splc.o(.text)
    OsplcSum                                 0x0000c269   Thumb Code   200  splc.o(.text)
    OsplcNumFunc                             0x0000c331   Thumb Code   192  splc.o(.text)
    OsplcNum                                 0x0000c3f1   Thumb Code   200  splc.o(.text)
    OsplcTitleOn                             0x0000c4b9   Thumb Code   144  splc.o(.text)
    GetOnePosition                           0x0000c549   Thumb Code    36  splc.o(.text)
    OsplcShowN                               0x0000c56d   Thumb Code   194  splc.o(.text)
    OsplcDispInit                            0x0000c62f   Thumb Code   236  splc.o(.text)
    OsplcHardwarechk                         0x0000c71b   Thumb Code   112  splc.o(.text)
    OsplcInit                                0x0000c78b   Thumb Code    12  splc.o(.text)
    OsplcShow                                0x0000c797   Thumb Code   108  splc.o(.text)
    SSP0_IRQHandler                          0x0000c835   Thumb Code    66  ssp.o(.text)
    SSP1_IRQHandler                          0x0000c877   Thumb Code    66  ssp.o(.text)
    SSP2_IRQHandler                          0x0000c8b9   Thumb Code    66  ssp.o(.text)
    SSP_SSELSetDirection                     0x0000c8fb   Thumb Code   462  ssp.o(.text)
    SSP_SSELToggle                           0x0000cac9   Thumb Code   444  ssp.o(.text)
    Fm25L04AndFlashSpiInit                   0x0000cc85   Thumb Code   162  ssp.o(.text)
    SSP1Init                                 0x0000cd27   Thumb Code   528  ssp.o(.text)
    SSP2Init                                 0x0000cf37   Thumb Code   368  ssp.o(.text)
    Fm25L04AndFlashSpiSend                   0x0000d0a7   Thumb Code    60  ssp.o(.text)
    Fm25L04AndFlashSpiReceive                0x0000d0e3   Thumb Code    44  ssp.o(.text)
    SSPSend                                  0x0000d10f   Thumb Code   158  ssp.o(.text)
    SSPRec                                   0x0000d1ad   Thumb Code   112  ssp.o(.text)
    FlashSpiRead                             0x0000d241   Thumb Code    34  sst25vf064c.o(.text)
    FlashSpiWrite                            0x0000d263   Thumb Code    32  sst25vf064c.o(.text)
    SpiSimpleCmd                             0x0000d283   Thumb Code    90  sst25vf064c.o(.text)
    SSTReadID                                0x0000d2dd   Thumb Code   136  sst25vf064c.o(.text)
    SSTReadFlashStatus                       0x0000d365   Thumb Code   102  sst25vf064c.o(.text)
    WriteSpiFlashStatus                      0x0000d3cb   Thumb Code   116  sst25vf064c.o(.text)
    SSTEraseSector                           0x0000d43f   Thumb Code   152  sst25vf064c.o(.text)
    SSTEraseBlock                            0x0000d4d7   Thumb Code   152  sst25vf064c.o(.text)
    SSTEraseChip                             0x0000d56f   Thumb Code    38  sst25vf064c.o(.text)
    SSTReadNbyte                             0x0000d595   Thumb Code   192  sst25vf064c.o(.text)
    SSTWriteNbyte                            0x0000d655   Thumb Code   158  sst25vf064c.o(.text)
    SSTFlashTest                             0x0000d6f3   Thumb Code   136  sst25vf064c.o(.text)
    SaveFuelRecord                           0x0000d77b   Thumb Code   374  sst25vf064c.o(.text)
    ReadFuelRecord                           0x0000d8f1   Thumb Code   458  sst25vf064c.o(.text)
    SaveFlash                                0x0000dabb   Thumb Code   146  sst25vf064c.o(.text)
    ReadFlash                                0x0000db4d   Thumb Code    64  sst25vf064c.o(.text)
    des                                      0x0000db99   Thumb Code  4560  threedes.o(.text)
    ThreeDES                                 0x0000ed69   Thumb Code    60  threedes.o(.text)
    ltostr                                   0x0000edcd   Thumb Code    78  turn.o(.text)
    BcdToHex                                 0x0000ee1b   Thumb Code    86  turn.o(.text)
    CheckDate                                0x0000ee71   Thumb Code   128  turn.o(.text)
    CheckTime                                0x0000eef1   Thumb Code    42  turn.o(.text)
    AscToBcd                                 0x0000ef1b   Thumb Code    30  turn.o(.text)
    BcdToAsc                                 0x0000ef39   Thumb Code    26  turn.o(.text)
    HexToBcd                                 0x0000ef53   Thumb Code    34  turn.o(.text)
    BcdbufToHex                              0x0000ef75   Thumb Code    74  turn.o(.text)
    Cmp2float                                0x0000efbf   Thumb Code   108  turn.o(.text)
    HexToBcdbuf                              0x0000f02b   Thumb Code    98  turn.o(.text)
    FloatToBcdbuf                            0x0000f08d   Thumb Code   134  turn.o(.text)
    FloatToAsciibuf                          0x0000f113   Thumb Code   108  turn.o(.text)
    HexToAsciibuf                            0x0000f17f   Thumb Code    80  turn.o(.text)
    UART2_IRQHandler                         0x0000f241   Thumb Code   194  uart.o(.text)
    UART3_IRQHandler                         0x0000f303   Thumb Code   170  uart.o(.text)
    UART4_IRQHandler                         0x0000f3ad   Thumb Code   200  uart.o(.text)
    UARTInit                                 0x0000f475   Thumb Code   850  uart.o(.text)
    UARTSend                                 0x0000f7c7   Thumb Code   210  uart.o(.text)
    uart0SendByte                            0x0000f899   Thumb Code    20  uart.o(.text)
    uart0SendStr                             0x0000f8ad   Thumb Code    26  uart.o(.text)
    uart1SendByte                            0x0000f8c7   Thumb Code    20  uart.o(.text)
    uart1SendStr                             0x0000f8db   Thumb Code    26  uart.o(.text)
    uart2SendByte                            0x0000f8f5   Thumb Code    20  uart.o(.text)
    uart2SendStr                             0x0000f909   Thumb Code    26  uart.o(.text)
    uart3SendByte                            0x0000f923   Thumb Code    20  uart.o(.text)
    uart3SendStr                             0x0000f937   Thumb Code    26  uart.o(.text)
    uart4SendByte                            0x0000f951   Thumb Code    20  uart.o(.text)
    uart4SendStr                             0x0000f965   Thumb Code    26  uart.o(.text)
    UartSendByte                             0x0000f97f   Thumb Code    66  uart.o(.text)
    UartSendStr                              0x0000f9c1   Thumb Code    78  uart.o(.text)
    OpenUartRcvIRQ                           0x0000fa0f   Thumb Code    58  uart.o(.text)
    CloseUartRcvIRQ                          0x0000fa49   Thumb Code   116  uart.o(.text)
    DispDateTime                             0x0000fadd   Thumb Code   138  main.o(.text)
    DispErrorInfo                            0x0000fb67   Thumb Code   134  main.o(.text)
    DispFirst                                0x0000fbed   Thumb Code   672  main.o(.text)
    DispInserCard                            0x0000fe8d   Thumb Code   490  main.o(.text)
    CirculateFueling                         0x00010077   Thumb Code    72  main.o(.text)
    Task100msProcess                         0x000100bf   Thumb Code   102  main.o(.text)
    Task500msProcess                         0x00010125   Thumb Code    58  main.o(.text)
    Task1sProcess                            0x0001015f   Thumb Code   380  main.o(.text)
    main                                     0x000102db   Thumb Code   660  main.o(.text)
    PumpSwitch                               0x00010585   Thumb Code   534  lngctrl.o(.text)
    GetIntNum                                0x0001079b   Thumb Code    40  lngctrl.o(.text)
    JudgeStopConditions                      0x000107c3   Thumb Code   774  lngctrl.o(.text)
    PowerDown                                0x00010ac9   Thumb Code    48  lngctrl.o(.text)
    SaveFm25l04                              0x00010af9   Thumb Code   408  lngctrl.o(.text)
    FuelEndDisplay                           0x00010c91   Thumb Code   140  lngctrl.o(.text)
    StopFueling                              0x00010d1d   Thumb Code   700  lngctrl.o(.text)
    DispStartFueling                         0x00010fd9   Thumb Code   968  lngctrl.o(.text)
    StartFueling                             0x000113a1   Thumb Code   462  lngctrl.o(.text)
    GreyLock                                 0x0001156f   Thumb Code   170  lngctrl.o(.text)
    StartPrecooling                          0x00011619   Thumb Code   854  lngctrl.o(.text)
    DispCardError                            0x0001196f   Thumb Code    82  lngctrl.o(.text)
    RemoveStringChar                         0x000119c1   Thumb Code    74  lngctrl.o(.text)
    DisplayGP                                0x00011a0b   Thumb Code    84  lngctrl.o(.text)
    SearchBlackList                          0x00011a5f   Thumb Code   162  lngctrl.o(.text)
    DispScanRFID                             0x00011b01   Thumb Code   276  lngctrl.o(.text)
    FixMoney                                 0x00011c15   Thumb Code   240  lngctrl.o(.text)
    FixNum                                   0x00011d05   Thumb Code   240  lngctrl.o(.text)
    FixGas                                   0x00011df5   Thumb Code   112  lngctrl.o(.text)
    DispCardInfo                             0x00011e65   Thumb Code   408  lngctrl.o(.text)
    VerificationCard                         0x00011ffd   Thumb Code   448  lngctrl.o(.text)
    ApplyVerif                               0x000121bd   Thumb Code   266  lngctrl.o(.text)
    ComparePasswd                            0x000122c7   Thumb Code    58  lngctrl.o(.text)
    InputIccardPasswd                        0x00012301   Thumb Code    26  lngctrl.o(.text)
    IcCardPasswd                             0x0001231b   Thumb Code   338  lngctrl.o(.text)
    GetCardData                              0x0001246d   Thumb Code   752  lngctrl.o(.text)
    GetWhite                                 0x0001275d   Thumb Code   114  lngctrl.o(.text)
    GetBlack                                 0x000127cf   Thumb Code   112  lngctrl.o(.text)
    CheckBlackorWhite                        0x0001283f   Thumb Code    68  lngctrl.o(.text)
    PowerDownRealDate                        0x00012883   Thumb Code   708  lngctrl.o(.text)
    DisPlayLock                              0x00012b47   Thumb Code    50  lngctrl.o(.text)
    BcdToStr                                 0x00012b79   Thumb Code    76  lngctrl.o(.text)
    DispSetPreStartPumpTime                  0x00012be9   Thumb Code    74  controlparas.o(.text)
    DispSetStopPumpTime                      0x00012c33   Thumb Code    74  controlparas.o(.text)
    DispSetControl4                          0x00012c7d   Thumb Code    94  controlparas.o(.text)
    DispSetPrecoolMode                       0x00012cdb   Thumb Code   130  controlparas.o(.text)
    DispSetBackGasCalc                       0x00012d5d   Thumb Code   130  controlparas.o(.text)
    DispSetBackGainStop                      0x00012ddf   Thumb Code    74  controlparas.o(.text)
    DispSetBackDenstyStop                    0x00012e29   Thumb Code   118  controlparas.o(.text)
    DispSetControl3                          0x00012e9f   Thumb Code   136  controlparas.o(.text)
    DispSetHighRateStop                      0x00012f27   Thumb Code    74  controlparas.o(.text)
    DispSetLowRateStop                       0x00012f71   Thumb Code    74  controlparas.o(.text)
    DispSetPressureStop                      0x00012fbb   Thumb Code   458  controlparas.o(.text)
    DispSetDelayStopTime                     0x00013185   Thumb Code    74  controlparas.o(.text)
    DispSetControl2                          0x000131cf   Thumb Code   136  controlparas.o(.text)
    DispSetPrecoolingDensty                  0x00013257   Thumb Code   120  controlparas.o(.text)
    DispSetPrecoolingGain                    0x000132cf   Thumb Code    74  controlparas.o(.text)
    DispSetPrecoolingTemp                    0x00013319   Thumb Code    74  controlparas.o(.text)
    DispSetControl1                          0x00013363   Thumb Code   122  controlparas.o(.text)
    DispSetPrecoolingTimeout                 0x000133dd   Thumb Code    78  controlparas.o(.text)
    PrintContInfo                            0x0001342b   Thumb Code   920  controlparas.o(.text)
    DispCtrlParas4                           0x000137c3   Thumb Code    68  controlparas.o(.text)
    DispCtrlParas3                           0x00013807   Thumb Code   136  controlparas.o(.text)
    DispCtrlParas2                           0x0001388f   Thumb Code   134  controlparas.o(.text)
    DispCtrlParas1                           0x00013915   Thumb Code   126  controlparas.o(.text)
    PrinterContInfo                          0x00013993   Thumb Code    16  controlparas.o(.text)
    FactoryReset                             0x000139a3   Thumb Code   868  controlparas.o(.text)
    BufReverse1                              0x00013d09   Thumb Code    36  app.o(.text)
    BufReverse2                              0x00013d2d   Thumb Code    36  app.o(.text)
    StrReverse                               0x00013d51   Thumb Code    64  app.o(.text)
    ClearBuf                                 0x00013d91   Thumb Code    20  app.o(.text)
    BackCommunicationHead                    0x00013da5   Thumb Code    26  app.o(.text)
    BackCommunicationEnd                     0x00013dbf   Thumb Code    98  app.o(.text)
    SendBackCommunicationData                0x00013e21   Thumb Code    32  app.o(.text)
    GetRep51Data                             0x00013e41   Thumb Code   250  app.o(.text)
    UpLoad51H                                0x00013f3b   Thumb Code    28  app.o(.text)
    UpLoad5BH                                0x00013f57   Thumb Code   168  app.o(.text)
    UpLoad5AH                                0x00013fff   Thumb Code   152  app.o(.text)
    UpLoad5CH                                0x00014097   Thumb Code    64  app.o(.text)
    UpLoad55H                                0x000140d7   Thumb Code   162  app.o(.text)
    UpLoad52H                                0x00014179   Thumb Code   198  app.o(.text)
    UpLoad53H                                0x0001423f   Thumb Code    38  app.o(.text)
    UpLoad5EH                                0x00014265   Thumb Code    38  app.o(.text)
    UpLoad54H                                0x0001428b   Thumb Code    34  app.o(.text)
    Receive51H                               0x000142ad   Thumb Code   776  app.o(.text)
    Receive52H                               0x000145b5   Thumb Code   144  app.o(.text)
    Receive53H                               0x00014645   Thumb Code    86  app.o(.text)
    Receive54H                               0x0001469b   Thumb Code   390  app.o(.text)
    Receive55H                               0x00014821   Thumb Code  1292  app.o(.text)
    UpLoad56H                                0x00014d2d   Thumb Code    56  app.o(.text)
    Receive56H                               0x00014d65   Thumb Code    34  app.o(.text)
    Receive57H                               0x00014d87   Thumb Code    74  app.o(.text)
    Receive58H                               0x00014dd1   Thumb Code   342  app.o(.text)
    Receive59H                               0x00014f27   Thumb Code   138  app.o(.text)
    Receive5AH                               0x00014fb1   Thumb Code    72  app.o(.text)
    Receive5BH                               0x00014ff9   Thumb Code    72  app.o(.text)
    Receive5CH                               0x00015041   Thumb Code    14  app.o(.text)
    UpLoad5DH                                0x0001504f   Thumb Code    28  app.o(.text)
    Receive5DH                               0x0001506b   Thumb Code   370  app.o(.text)
    Receive5EH                               0x000151dd   Thumb Code    80  app.o(.text)
    Receive5FH                               0x0001522d   Thumb Code    80  app.o(.text)
    Receive60H                               0x0001527d   Thumb Code    96  app.o(.text)
    Receive61H                               0x000152dd   Thumb Code   152  app.o(.text)
    RecBlckDataCheck                         0x00015375   Thumb Code   190  app.o(.text)
    BGCommunication                          0x00015433   Thumb Code   164  app.o(.text)
    GetGunNum                                0x000154ed   Thumb Code    10  password.o(.text)
    GetTimeSec                               0x000154f7   Thumb Code    10  password.o(.text)
    GetGunSum                                0x00015501   Thumb Code    10  password.o(.text)
    GetGunGas                                0x0001550b   Thumb Code    10  password.o(.text)
    GetTimeMin                               0x00015515   Thumb Code    10  password.o(.text)
    GetDataCrc                               0x0001551f   Thumb Code    16  password.o(.text)
    LockPortInit                             0x0001552f   Thumb Code    18  password.o(.text)
    GetLockdata                              0x00015541   Thumb Code    28  password.o(.text)
    LockDataStore                            0x0001555d   Thumb Code   176  password.o(.text)
    LockDataCompare                          0x0001560d   Thumb Code    64  password.o(.text)
    timer0Init                               0x00015681   Thumb Code    90  timer.o(.text)
    Timer0GetTick                            0x000156db   Thumb Code     6  timer.o(.text)
    Timer0Reset                              0x000156e1   Thumb Code    30  timer.o(.text)
    TIMER0_IRQHandler                        0x000156ff   Thumb Code   202  timer.o(.text)
    timer1on                                 0x000157c9   Thumb Code     8  timer.o(.text)
    timer1off                                0x000157d1   Thumb Code     8  timer.o(.text)
    timer1Init                               0x000157d9   Thumb Code    84  timer.o(.text)
    ReadModbusAndPressure                    0x0001582d   Thumb Code   236  timer.o(.text)
    TIMER1_IRQHandler                        0x00015919   Thumb Code     8  timer.o(.text)
    BQresults                                0x00015969   Thumb Code   158  eleclabel.o(.text)
    WaitBQresults                            0x00015a07   Thumb Code    60  eleclabel.o(.text)
    __c89vsprintf                            0x00015ab9   Thumb Code    32  c89vsprintf.o(.text)
    __2sprintf                               0x00015add   Thumb Code    38  __2sprintf.o(.text)
    _printf_pre_padding                      0x00015b09   Thumb Code    44  _printf_pad.o(.text)
    _printf_post_padding                     0x00015b35   Thumb Code    34  _printf_pad.o(.text)
    _printf_int_dec                          0x00015b59   Thumb Code   104  _printf_dec.o(.text)
    __printf                                 0x00015bd1   Thumb Code   388  __printf_flags_ss_wp.o(.text)
    atol                                     0x00015d59   Thumb Code    26  atol.o(.text)
    strtoul                                  0x00015d73   Thumb Code   114  strtoul.o(.text)
    memcmp                                   0x00015de5   Thumb Code    88  memcmp.o(.text)
    strlen                                   0x00015e3d   Thumb Code    62  strlen.o(.text)
    __aeabi_memcpy                           0x00015e7b   Thumb Code     0  rt_memcpy_v6.o(.text)
    __rt_memcpy                              0x00015e7b   Thumb Code   138  rt_memcpy_v6.o(.text)
    _memcpy_lastbytes                        0x00015ee1   Thumb Code     0  rt_memcpy_v6.o(.text)
    __aeabi_memcpy4                          0x00015f05   Thumb Code     0  rt_memcpy_w.o(.text)
    __aeabi_memcpy8                          0x00015f05   Thumb Code     0  rt_memcpy_w.o(.text)
    __rt_memcpy_w                            0x00015f05   Thumb Code   100  rt_memcpy_w.o(.text)
    _memcpy_lastbytes_aligned                0x00015f4d   Thumb Code     0  rt_memcpy_w.o(.text)
    __aeabi_memset                           0x00015f69   Thumb Code    16  aeabi_memset.o(.text)
    __aeabi_memclr                           0x00015f79   Thumb Code     0  rt_memclr.o(.text)
    __rt_memclr                              0x00015f79   Thumb Code    68  rt_memclr.o(.text)
    _memset                                  0x00015f7d   Thumb Code     0  rt_memclr.o(.text)
    __aeabi_memclr4                          0x00015fbd   Thumb Code     0  rt_memclr_w.o(.text)
    __aeabi_memclr8                          0x00015fbd   Thumb Code     0  rt_memclr_w.o(.text)
    __rt_memclr_w                            0x00015fbd   Thumb Code    78  rt_memclr_w.o(.text)
    _memset_w                                0x00015fc1   Thumb Code     0  rt_memclr_w.o(.text)
    __use_two_region_memory                  0x0001600b   Thumb Code     2  heapauxi.o(.text)
    __rt_heap_escrow$2region                 0x0001600d   Thumb Code     2  heapauxi.o(.text)
    __rt_heap_expand$2region                 0x0001600f   Thumb Code     2  heapauxi.o(.text)
    __rt_ctype_table                         0x00016011   Thumb Code    16  rt_ctype_table.o(.text)
    __aeabi_errno_addr                       0x00016021   Thumb Code     8  rt_errno_addr_intlibspace.o(.text)
    __errno$intlibspace                      0x00016021   Thumb Code     0  rt_errno_addr_intlibspace.o(.text)
    __rt_errno_addr$intlibspace              0x00016021   Thumb Code     0  rt_errno_addr_intlibspace.o(.text)
    __read_errno                             0x00016029   Thumb Code    10  _rserrno.o(.text)
    __set_errno                              0x00016033   Thumb Code    12  _rserrno.o(.text)
    _printf_truncate_signed                  0x0001603f   Thumb Code    18  _printf_truncate.o(.text)
    _printf_truncate_unsigned                0x00016051   Thumb Code    18  _printf_truncate.o(.text)
    _printf_str                              0x00016063   Thumb Code    82  _printf_str.o(.text)
    _printf_int_common                       0x000160b5   Thumb Code   178  _printf_intcommon.o(.text)
    _printf_charcount                        0x00016167   Thumb Code    40  _printf_charcount.o(.text)
    __lib_sel_fp_printf                      0x0001618f   Thumb Code     2  _printf_fp_dec.o(.text)
    _printf_fp_dec_real                      0x0001633d   Thumb Code   620  _printf_fp_dec.o(.text)
    _printf_char_common                      0x000165b3   Thumb Code    32  _printf_char_common.o(.text)
    _sputc                                   0x000165d9   Thumb Code    10  _sputc.o(.text)
    _printf_wctomb                           0x000165e5   Thumb Code   182  _printf_wctomb.o(.text)
    _printf_longlong_dec                     0x000166a1   Thumb Code   108  _printf_longlong_dec.o(.text)
    _printf_longlong_oct                     0x0001671d   Thumb Code    68  _printf_oct_int_ll.o(.text)
    _printf_int_oct                          0x00016761   Thumb Code    24  _printf_oct_int_ll.o(.text)
    _printf_ll_oct                           0x00016779   Thumb Code    12  _printf_oct_int_ll.o(.text)
    _printf_longlong_hex                     0x0001678d   Thumb Code    86  _printf_hex_int_ll_ptr.o(.text)
    _printf_int_hex                          0x000167e3   Thumb Code    28  _printf_hex_int_ll_ptr.o(.text)
    _printf_ll_hex                           0x000167ff   Thumb Code    12  _printf_hex_int_ll_ptr.o(.text)
    _printf_hex_ptr                          0x0001680b   Thumb Code    18  _printf_hex_int_ll_ptr.o(.text)
    _strtoul                                 0x00016821   Thumb Code   158  _strtoul.o(.text)
    __strtod_int                             0x000168fd   Thumb Code    88  strtod.o(.text)
    strtol                                   0x00016961   Thumb Code   112  strtol.o(.text)
    __user_libspace                          0x000169d1   Thumb Code     8  libspace.o(.text)
    __user_perproc_libspace                  0x000169d1   Thumb Code     0  libspace.o(.text)
    __user_perthread_libspace                0x000169d1   Thumb Code     0  libspace.o(.text)
    __rt_locale                              0x000169d9   Thumb Code     8  rt_locale_intlibspace.o(.text)
    _ll_udiv10                               0x000169e1   Thumb Code   138  lludiv10.o(.text)
    isspace                                  0x00016a6b   Thumb Code    18  isspace.o(.text)
    _printf_fp_infnan                        0x00016a7d   Thumb Code   112  _printf_fp_infnan.o(.text)
    _printf_cs_common                        0x00016afd   Thumb Code    20  _printf_char.o(.text)
    _printf_char                             0x00016b11   Thumb Code    16  _printf_char.o(.text)
    _printf_string                           0x00016b21   Thumb Code     8  _printf_char.o(.text)
    _printf_lcs_common                       0x00016b29   Thumb Code    20  _printf_wchar.o(.text)
    _printf_wchar                            0x00016b3d   Thumb Code    16  _printf_wchar.o(.text)
    _printf_wstring                          0x00016b4d   Thumb Code     8  _printf_wchar.o(.text)
    _chval                                   0x00016b55   Thumb Code    28  _chval.o(.text)
    _sgetc                                   0x00016b71   Thumb Code    30  _sgetc.o(.text)
    _sbackspace                              0x00016b8f   Thumb Code    34  _sgetc.o(.text)
    _btod_etento                             0x00016bb1   Thumb Code   216  bigflt0.o(.text)
    _wcrtomb                                 0x00016c8d   Thumb Code    64  _wcrtomb.o(.text)
    __user_setup_stackheap                   0x00016ccd   Thumb Code    74  sys_stackheap_outer.o(.text)
    _scanf_really_real                       0x00016f15   Thumb Code   668  scanf_fp.o(.text)
    exit                                     0x000171bd   Thumb Code    12  exit.o(.text)
    strcmp                                   0x000171c9   Thumb Code   128  strcmpv7m.o(.text)
    _scanf_really_hex_real                   0x00017249   Thumb Code   778  scanf_hexfp.o(.text)
    _scanf_really_infnan                     0x00017561   Thumb Code   292  scanf_infnan.o(.text)
    _sys_exit                                0x00017695   Thumb Code     8  sys_exit.o(.text)
    __aeabi_llsl                             0x000176a1   Thumb Code     0  llshl.o(.text)
    _ll_shift_l                              0x000176a1   Thumb Code    38  llshl.o(.text)
    _btod_d2e                                0x000176c7   Thumb Code    62  btod.o(CL$$btod_d2e)
    _d2e_denorm_low                          0x00017705   Thumb Code    70  btod.o(CL$$btod_d2e_denorm_low)
    _d2e_norm_op1                            0x0001774b   Thumb Code    96  btod.o(CL$$btod_d2e_norm_op1)
    __btod_div_common                        0x000177ab   Thumb Code   696  btod.o(CL$$btod_div_common)
    _e2d                                     0x00017ae5   Thumb Code    80  btod.o(CL$$btod_e2d)
    _e2e                                     0x00017b39   Thumb Code   198  btod.o(CL$$btod_e2e)
    _btod_ediv                               0x00017bff   Thumb Code    40  btod.o(CL$$btod_ediv)
    _btod_edivd                              0x00017c27   Thumb Code    40  btod.o(CL$$btod_edivd)
    _btod_emul                               0x00017c4f   Thumb Code    40  btod.o(CL$$btod_emul)
    _btod_emuld                              0x00017c77   Thumb Code    40  btod.o(CL$$btod_emuld)
    __btod_mult_common                       0x00017c9f   Thumb Code   580  btod.o(CL$$btod_mult_common)
    __ARM_fpclassify                         0x00017ee3   Thumb Code    40  fpclassify.o(i.__ARM_fpclassify)
    __mathlib_dbl_overflow                   0x00017f0b   Thumb Code    14  dunder.o(i.__mathlib_dbl_overflow)
    __mathlib_dbl_underflow                  0x00017f19   Thumb Code    10  dunder.o(i.__mathlib_dbl_underflow)
    __mathlib_narrow                         0x00017f29   Thumb Code    16  narrow.o(i.__mathlib_narrow)
    __mathlib_tofloat                        0x00017f39   Thumb Code   132  narrow.o(i.__mathlib_tofloat)
    __support_ldexp                          0x00017fc1   Thumb Code    22  ldexp.o(i.__support_ldexp)
    _is_digit                                0x00017fd7   Thumb Code    14  __printf_wp.o(i._is_digit)
    atof                                     0x00017fe5   Thumb Code    42  atof.o(i.atof)
    frexp                                    0x00018011   Thumb Code    80  frexp.o(i.frexp)
    ldexp                                    0x00018069   Thumb Code   116  ldexp.o(i.ldexp)
    _get_lc_ctype                            0x000180dd   Thumb Code    44  lc_ctype_c.o(locale$$code)
    _get_lc_numeric                          0x00018109   Thumb Code    44  lc_numeric_c.o(locale$$code)
    __aeabi_d2f                              0x00018135   Thumb Code     0  d2f.o(x$fpl$d2f)
    _d2f                                     0x00018135   Thumb Code    98  d2f.o(x$fpl$d2f)
    __aeabi_dadd                             0x00018199   Thumb Code     0  daddsub_clz.o(x$fpl$dadd)
    _dadd                                    0x00018199   Thumb Code   332  daddsub_clz.o(x$fpl$dadd)
    __fpl_dcheck_NaN1                        0x000182e9   Thumb Code    10  dcheck1.o(x$fpl$dcheck1)
    __fpl_dcmp_Inf                           0x000182f9   Thumb Code    24  dcmpi.o(x$fpl$dcmpinf)
    __aeabi_ddiv                             0x00018311   Thumb Code     0  ddiv.o(x$fpl$ddiv)
    _ddiv                                    0x00018311   Thumb Code   552  ddiv.o(x$fpl$ddiv)
    __aeabi_cdcmpeq                          0x000185c1   Thumb Code     0  deqf.o(x$fpl$deqf)
    _dcmpeq                                  0x000185c1   Thumb Code   120  deqf.o(x$fpl$deqf)
    __aeabi_d2uiz                            0x00018639   Thumb Code     0  dfixu.o(x$fpl$dfixu)
    _dfixu                                   0x00018639   Thumb Code    90  dfixu.o(x$fpl$dfixu)
    __aeabi_ui2d                             0x00018693   Thumb Code     0  dflt_clz.o(x$fpl$dfltu)
    _dfltu                                   0x00018693   Thumb Code    38  dflt_clz.o(x$fpl$dfltu)
    __aeabi_cdcmple                          0x000186b9   Thumb Code     0  dleqf.o(x$fpl$dleqf)
    _dcmple                                  0x000186b9   Thumb Code   120  dleqf.o(x$fpl$dleqf)
    __fpl_dcmple_InfNaN                      0x0001871b   Thumb Code     0  dleqf.o(x$fpl$dleqf)
    __aeabi_dmul                             0x00018731   Thumb Code     0  dmul.o(x$fpl$dmul)
    _dmul                                    0x00018731   Thumb Code   332  dmul.o(x$fpl$dmul)
    __fpl_dnaninf                            0x00018885   Thumb Code   156  dnaninf.o(x$fpl$dnaninf)
    __fpl_dretinf                            0x00018921   Thumb Code    12  dretinf.o(x$fpl$dretinf)
    __aeabi_cdrcmple                         0x0001892d   Thumb Code     0  drleqf.o(x$fpl$drleqf)
    _drcmple                                 0x0001892d   Thumb Code   108  drleqf.o(x$fpl$drleqf)
    __aeabi_dsub                             0x00018999   Thumb Code     0  daddsub_clz.o(x$fpl$dsub)
    _dsub                                    0x00018999   Thumb Code   464  daddsub_clz.o(x$fpl$dsub)
    __aeabi_f2d                              0x00018b6d   Thumb Code     0  f2d.o(x$fpl$f2d)
    _f2d                                     0x00018b6d   Thumb Code    86  f2d.o(x$fpl$f2d)
    __aeabi_fadd                             0x00018bc5   Thumb Code     0  faddsub_clz.o(x$fpl$fadd)
    _fadd                                    0x00018bc5   Thumb Code   196  faddsub_clz.o(x$fpl$fadd)
    __fpl_fcmp_Inf                           0x00018c89   Thumb Code    24  fcmpi.o(x$fpl$fcmpinf)
    __aeabi_f2iz                             0x00018ca1   Thumb Code     0  ffix.o(x$fpl$ffix)
    _ffix                                    0x00018ca1   Thumb Code    54  ffix.o(x$fpl$ffix)
    __aeabi_f2uiz                            0x00018cd9   Thumb Code     0  ffixu.o(x$fpl$ffixu)
    _ffixu                                   0x00018cd9   Thumb Code    62  ffixu.o(x$fpl$ffixu)
    __aeabi_i2f                              0x00018d19   Thumb Code     0  fflt_clz.o(x$fpl$fflt)
    _fflt                                    0x00018d19   Thumb Code    48  fflt_clz.o(x$fpl$fflt)
    __aeabi_ui2f                             0x00018d49   Thumb Code     0  fflt_clz.o(x$fpl$ffltu)
    _ffltu                                   0x00018d49   Thumb Code    38  fflt_clz.o(x$fpl$ffltu)
    __aeabi_cfcmple                          0x00018d71   Thumb Code     0  fleqf.o(x$fpl$fleqf)
    _fcmple                                  0x00018d71   Thumb Code   104  fleqf.o(x$fpl$fleqf)
    __fpl_fcmple_InfNaN                      0x00018dc3   Thumb Code     0  fleqf.o(x$fpl$fleqf)
    __aeabi_fmul                             0x00018dd9   Thumb Code     0  fmul.o(x$fpl$fmul)
    _fmul                                    0x00018dd9   Thumb Code   258  fmul.o(x$fpl$fmul)
    __fpl_fnaninf                            0x00018edb   Thumb Code   140  fnaninf.o(x$fpl$fnaninf)
    __fpl_fretinf                            0x00018f67   Thumb Code    10  fretinf.o(x$fpl$fretinf)
    __aeabi_cfrcmple                         0x00018f71   Thumb Code     0  frleqf.o(x$fpl$frleqf)
    _frcmple                                 0x00018f71   Thumb Code    98  frleqf.o(x$fpl$frleqf)
    __aeabi_fsub                             0x00018fd5   Thumb Code     0  faddsub_clz.o(x$fpl$fsub)
    _fsub                                    0x00018fd5   Thumb Code   234  faddsub_clz.o(x$fpl$fsub)
    _printf_fp_dec                           0x000190bf   Thumb Code     4  printf1.o(x$fpl$printf1)
    __fpl_return_NaN                         0x000190c3   Thumb Code   100  retnan.o(x$fpl$retnan)
    __ARM_scalbn                             0x00019127   Thumb Code    92  scalbn.o(x$fpl$scalbn)
    _scanf_real                              0x00019183   Thumb Code     4  scanf1.o(x$fpl$scanf1)
    _scanf_hex_real                          0x00019187   Thumb Code     4  scanf2.o(x$fpl$scanf2)
    _scanf_infnan                            0x0001918b   Thumb Code     4  scanf2.o(x$fpl$scanf2)
    __fpl_cmpreturn                          0x0001918f   Thumb Code    48  trapv.o(x$fpl$trapveneer)
    Region$$Table$$Base                      0x0001959c   Number         0  anon$$obj.o(Region$$Table)
    Region$$Table$$Limit                     0x000195bc   Number         0  anon$$obj.o(Region$$Table)
    __aeabi_HUGE_VAL                         0x000195bc   Data           0  fpconst.o(c$$dinf)
    __aeabi_HUGE_VALL                        0x000195bc   Data           0  fpconst.o(c$$dinf)
    __aeabi_INFINITY                         0x000195bc   Data           0  fpconst.o(c$$dinf)
    __dInf                                   0x000195bc   Data           0  fpconst.o(c$$dinf)
    __huge_val                               0x000195bc   Data           0  fpconst.o(c$$dinf)
    __ctype                                  0x000195d1   Data           0  lc_ctype_c.o(locale$$data)
    SystemCoreClock                          0x10000000   Data           4  system_lpc177x_8x.o(.data)
    PeripheralClock                          0x10000004   Data           4  system_lpc177x_8x.o(.data)
    EMCClock                                 0x10000008   Data           4  system_lpc177x_8x.o(.data)
    USBClock                                 0x1000000c   Data           4  system_lpc177x_8x.o(.data)
    time                                     0x10000010   Data           6  ds3232.o(.data)
    SYSPARA_ADDR                             0x10000018   Data           4  eeprom.o(.data)
    Fm25l04TestAdd                           0x1000001c   Data           2  fm25l04.o(.data)
    I2C0_SlaveAddr                           0x10000020   Data           1  i2c0.o(.data)
    I2C0_SlaveSubAddr                        0x10000024   Data           4  i2c0.o(.data)
    I2C0_SlaveSubAddrNum                     0x10000028   Data           1  i2c0.o(.data)
    I2C0_DataBuf                             0x1000002c   Data           4  i2c0.o(.data)
    I2C0_DataNum                             0x10000030   Data           4  i2c0.o(.data)
    I2C0_EndFlag                             0x10000034   Data           1  i2c0.o(.data)
    I2C0_OP_Type                             0x10000035   Data           1  i2c0.o(.data)
    I2C_sla                                  0x10000038   Data           1  i2c1.o(.data)
    I2C_suba                                 0x1000003c   Data           4  i2c1.o(.data)
    I2C_suba_num                             0x10000040   Data           1  i2c1.o(.data)
    I2C_buf                                  0x10000044   Data           4  i2c1.o(.data)
    I2C_num                                  0x10000048   Data           4  i2c1.o(.data)
    I2C_end                                  0x1000004c   Data           1  i2c1.o(.data)
    I2C_suba_en                              0x1000004d   Data           1  i2c1.o(.data)
    DispUI                                   0x10000050   Data           4  menu.o(.data)
    DispNextUI                               0x10000054   Data           4  menu.o(.data)
    stopreasonbuf                            0x10000058   Data         256  printer.o(.data)
    OsplcNumArr                              0x10000158   Data         192  splc.o(.data)
    OsplcSumArr                              0x10000218   Data         192  splc.o(.data)
    DispPriceArr                             0x100002d8   Data         120  splc.o(.data)
    OsplcFrateArr                            0x10000350   Data          96  splc.o(.data)
    OsplcTemperatureArr                      0x100003b0   Data          72  splc.o(.data)
    interrupt0RxStat                         0x100003f8   Data           4  ssp.o(.data)
    interrupt0OverRunStat                    0x100003fc   Data           4  ssp.o(.data)
    interrupt0RxTimeoutStat                  0x10000400   Data           4  ssp.o(.data)
    interrupt1RxStat                         0x10000404   Data           4  ssp.o(.data)
    interrupt1OverRunStat                    0x10000408   Data           4  ssp.o(.data)
    interrupt1RxTimeoutStat                  0x1000040c   Data           4  ssp.o(.data)
    interrupt2RxStat                         0x10000410   Data           4  ssp.o(.data)
    interrupt2OverRunStat                    0x10000414   Data           4  ssp.o(.data)
    interrupt2RxTimeoutStat                  0x10000418   Data           4  ssp.o(.data)
    UART0Status                              0x1000066c   Data           4  uart.o(.data)
    UART1Status                              0x10000670   Data           4  uart.o(.data)
    UART2Status                              0x10000674   Data           4  uart.o(.data)
    UART3Status                              0x10000678   Data           4  uart.o(.data)
    UART4Status                              0x1000067c   Data           4  uart.o(.data)
    UART0TxEmpty                             0x10000680   Data           1  uart.o(.data)
    UART1TxEmpty                             0x10000681   Data           1  uart.o(.data)
    UART2TxEmpty                             0x10000682   Data           1  uart.o(.data)
    UART3TxEmpty                             0x10000683   Data           1  uart.o(.data)
    UART4TxEmpty                             0x10000684   Data           1  uart.o(.data)
    UART0Count                               0x10000688   Data           4  uart.o(.data)
    UART1Count                               0x1000068c   Data           4  uart.o(.data)
    UART2Count                               0x10000690   Data           4  uart.o(.data)
    UART3Count                               0x10000694   Data           4  uart.o(.data)
    UART4Count                               0x10000698   Data           4  uart.o(.data)
    UART2_IRQ_FLAG                           0x1000069c   Data           1  uart.o(.data)
    UART3_IRQ_FLAG                           0x1000069d   Data           1  uart.o(.data)
    UART4_IRQ_FLAG                           0x1000069e   Data           1  uart.o(.data)
    syserr                                   0x100006a0   Data           4  main.o(.data)
    stopreason                               0x100006a4   Data           4  main.o(.data)
    ErrorInfo                                0x100006a8   Data         240  main.o(.data)
    lngvolume                                0x10000798   Data           8  lngctrl.o(.data)
    cngvolume                                0x100007a0   Data           8  lngctrl.o(.data)
    UpLoad53Data                             0x100007a8   Data           7  app.o(.data)
    UpLoad54Data                             0x100007af   Data           4  app.o(.data)
    UpLoad58Data                             0x100007b3   Data           5  app.o(.data)
    UpLoad5DData                             0x100007b8   Data           1  app.o(.data)
    UpLoad5EData                             0x100007b9   Data           1  app.o(.data)
    UpLoad5FData                             0x100007ba   Data           1  app.o(.data)
    LoadSuccess                              0x100007bb   Data           1  app.o(.data)
    allpart                                  0x100007bc   Data           2  app.o(.data)
    Password                                 0x100007be   Data           6  password.o(.data)
    ScreenInput                              0x100007ec   Data          19  keyboard.o(.bss)
    modbus                                   0x10000827   Data          61  modbus.o(.bss)
    realtime                                 0x10000864   Data         158  modbus.o(.bss)
    mt318reader                              0x1000092a   Data         122  mt318.o(.bss)
    tmp                                      0x100009cc   Data          31  query.o(.bss)
    UART0Buffer                              0x10000a3b   Data         200  uart.o(.bss)
    UART1Buffer                              0x10000b03   Data          50  uart.o(.bss)
    UART2Buffer                              0x10000b35   Data         200  uart.o(.bss)
    UART3Buffer                              0x10000bfd   Data         200  uart.o(.bss)
    UART4Buffer                              0x10000cc5   Data         200  uart.o(.bss)
    globalvar                                0x10000db5   Data          94  main.o(.bss)
    shiftrecordinfo                          0x10000e13   Data          76  main.o(.bss)
    shiftrecordinfo_tmp                      0x10000e5f   Data          76  main.o(.bss)
    fuelrecordinfo                           0x10000eab   Data         159  main.o(.bss)
    fuelrecordinfo_tmp                       0x10000f4a   Data         159  main.o(.bss)
    sysparas                                 0x10000fe9   Data         321  main.o(.bss)
    tmp_sysparas                             0x1000112a   Data         321  main.o(.bss)
    m1card                                   0x1000126b   Data         172  main.o(.bss)
    UpLoad51Data                             0x1000133f   Data          84  app.o(.bss)
    UpLoad52Data                             0x10001393   Data         123  app.o(.bss)
    UpLoad55Data                             0x1000140e   Data          31  app.o(.bss)
    UpLoad56Data                             0x1000142d   Data           9  app.o(.bss)
    UpLoad57Data                             0x10001436   Data          20  app.o(.bss)
    UpLoad59Data                             0x1000144a   Data         119  app.o(.bss)
    UpLoad5AData                             0x100014c1   Data          54  app.o(.bss)
    UpLoad5BData                             0x100014f7   Data          31  app.o(.bss)
    UpLoad5CData                             0x10001516   Data          19  app.o(.bss)
    receive55data                            0x10001529   Data          48  app.o(.bss)
    SendBack485Buf                           0x10001559   Data         200  app.o(.bss)
    RecBack485Buf                            0x10001621   Data         200  app.o(.bss)
    bwinfo                                   0x100016e9   Data          16  app.o(.bss)
    timer0                                   0x10001721   Data          15  timer.o(.bss)
    __libspace_start                         0x10001730   Data          96  libspace.o(.bss)
    __temporary_stack_top$libspace           0x10001790   Data           0  libspace.o(.bss)



==============================================================================

Memory Map of the image

  Image Entry point : 0x000000e5

  Load Region LR_IROM1 (Base: 0x00000000, Size: 0x00019eb4, Max: 0x00080000, ABSOLUTE, COMPRESSED[0x00019ca4])

    Execution Region ER_IROM1 (Base: 0x00000000, Size: 0x000196f0, Max: 0x00080000, ABSOLUTE)

    Base Addr    Size         Type   Attr      Idx    E Section Name        Object

    0x00000000   0x000000e4   Data   RO            3    RESET               startup_lpc177x_8x.o
    0x000000e4   0x00000008   Code   RO          939  * !!!main             c_w.l(__main.o)
    0x000000ec   0x00000034   Code   RO         1380    !!!scatter          c_w.l(__scatter.o)
    0x00000120   0x00000064   Code   RO         1378    !!dclz77c           c_w.l(__dclz77c.o)
    0x00000184   0x0000001c   Code   RO         1382    !!handler_zi        c_w.l(__scatter_zi.o)
    0x000001a0   0x00000000   Code   RO          916    .ARM.Collect$$_printf_percent$$00000000  c_w.l(_printf_percent.o)
    0x000001a0   0x00000006   Code   RO         1061    .ARM.Collect$$_printf_percent$$00000001  c_w.l(_printf_n.o)
    0x000001a6   0x00000006   Code   RO         1063    .ARM.Collect$$_printf_percent$$00000002  c_w.l(_printf_p.o)
    0x000001ac   0x00000006   Code   RO          915    .ARM.Collect$$_printf_percent$$00000003  c_w.l(_printf_f.o)
    0x000001b2   0x00000006   Code   RO         1067    .ARM.Collect$$_printf_percent$$00000004  c_w.l(_printf_e.o)
    0x000001b8   0x00000006   Code   RO         1068    .ARM.Collect$$_printf_percent$$00000005  c_w.l(_printf_g.o)
    0x000001be   0x00000006   Code   RO         1069    .ARM.Collect$$_printf_percent$$00000006  c_w.l(_printf_a.o)
    0x000001c4   0x0000000a   Code   RO         1074    .ARM.Collect$$_printf_percent$$00000007  c_w.l(_printf_ll.o)
    0x000001ce   0x00000006   Code   RO         1065    .ARM.Collect$$_printf_percent$$00000008  c_w.l(_printf_i.o)
    0x000001d4   0x00000006   Code   RO          914    .ARM.Collect$$_printf_percent$$00000009  c_w.l(_printf_d.o)
    0x000001da   0x00000006   Code   RO         1066    .ARM.Collect$$_printf_percent$$0000000A  c_w.l(_printf_u.o)
    0x000001e0   0x00000006   Code   RO         1064    .ARM.Collect$$_printf_percent$$0000000B  c_w.l(_printf_o.o)
    0x000001e6   0x00000006   Code   RO         1062    .ARM.Collect$$_printf_percent$$0000000C  c_w.l(_printf_x.o)
    0x000001ec   0x00000006   Code   RO         1071    .ARM.Collect$$_printf_percent$$0000000D  c_w.l(_printf_lli.o)
    0x000001f2   0x00000006   Code   RO         1072    .ARM.Collect$$_printf_percent$$0000000E  c_w.l(_printf_lld.o)
    0x000001f8   0x00000006   Code   RO         1073    .ARM.Collect$$_printf_percent$$0000000F  c_w.l(_printf_llu.o)
    0x000001fe   0x00000006   Code   RO         1078    .ARM.Collect$$_printf_percent$$00000010  c_w.l(_printf_llo.o)
    0x00000204   0x00000006   Code   RO         1079    .ARM.Collect$$_printf_percent$$00000011  c_w.l(_printf_llx.o)
    0x0000020a   0x0000000a   Code   RO         1075    .ARM.Collect$$_printf_percent$$00000012  c_w.l(_printf_l.o)
    0x00000214   0x00000006   Code   RO         1059    .ARM.Collect$$_printf_percent$$00000013  c_w.l(_printf_c.o)
    0x0000021a   0x00000006   Code   RO         1060    .ARM.Collect$$_printf_percent$$00000014  c_w.l(_printf_s.o)
    0x00000220   0x00000006   Code   RO         1076    .ARM.Collect$$_printf_percent$$00000015  c_w.l(_printf_lc.o)
    0x00000226   0x00000006   Code   RO         1077    .ARM.Collect$$_printf_percent$$00000016  c_w.l(_printf_ls.o)
    0x0000022c   0x00000004   Code   RO         1070    .ARM.Collect$$_printf_percent$$00000017  c_w.l(_printf_percent_end.o)
    0x00000230   0x00000002   Code   RO         1190    .ARM.Collect$$libinit$$00000000  c_w.l(libinit.o)
    0x00000232   0x00000000   Code   RO         1192    .ARM.Collect$$libinit$$00000002  c_w.l(libinit2.o)
    0x00000232   0x00000000   Code   RO         1194    .ARM.Collect$$libinit$$00000004  c_w.l(libinit2.o)
    0x00000232   0x00000000   Code   RO         1197    .ARM.Collect$$libinit$$0000000A  c_w.l(libinit2.o)
    0x00000232   0x00000000   Code   RO         1199    .ARM.Collect$$libinit$$0000000C  c_w.l(libinit2.o)
    0x00000232   0x00000000   Code   RO         1201    .ARM.Collect$$libinit$$0000000E  c_w.l(libinit2.o)
    0x00000232   0x00000006   Code   RO         1202    .ARM.Collect$$libinit$$0000000F  c_w.l(libinit2.o)
    0x00000238   0x00000000   Code   RO         1204    .ARM.Collect$$libinit$$00000011  c_w.l(libinit2.o)
    0x00000238   0x0000000c   Code   RO         1205    .ARM.Collect$$libinit$$00000012  c_w.l(libinit2.o)
    0x00000244   0x00000000   Code   RO         1206    .ARM.Collect$$libinit$$00000013  c_w.l(libinit2.o)
    0x00000244   0x00000000   Code   RO         1208    .ARM.Collect$$libinit$$00000015  c_w.l(libinit2.o)
    0x00000244   0x0000000a   Code   RO         1209    .ARM.Collect$$libinit$$00000016  c_w.l(libinit2.o)
    0x0000024e   0x00000000   Code   RO         1210    .ARM.Collect$$libinit$$00000017  c_w.l(libinit2.o)
    0x0000024e   0x00000000   Code   RO         1212    .ARM.Collect$$libinit$$00000019  c_w.l(libinit2.o)
    0x0000024e   0x00000000   Code   RO         1214    .ARM.Collect$$libinit$$0000001B  c_w.l(libinit2.o)
    0x0000024e   0x00000000   Code   RO         1216    .ARM.Collect$$libinit$$0000001D  c_w.l(libinit2.o)
    0x0000024e   0x00000000   Code   RO         1218    .ARM.Collect$$libinit$$0000001F  c_w.l(libinit2.o)
    0x0000024e   0x00000000   Code   RO         1220    .ARM.Collect$$libinit$$00000021  c_w.l(libinit2.o)
    0x0000024e   0x00000000   Code   RO         1222    .ARM.Collect$$libinit$$00000023  c_w.l(libinit2.o)
    0x0000024e   0x00000000   Code   RO         1224    .ARM.Collect$$libinit$$00000025  c_w.l(libinit2.o)
    0x0000024e   0x00000000   Code   RO         1228    .ARM.Collect$$libinit$$0000002C  c_w.l(libinit2.o)
    0x0000024e   0x00000000   Code   RO         1230    .ARM.Collect$$libinit$$0000002E  c_w.l(libinit2.o)
    0x0000024e   0x00000000   Code   RO         1232    .ARM.Collect$$libinit$$00000030  c_w.l(libinit2.o)
    0x0000024e   0x00000000   Code   RO         1234    .ARM.Collect$$libinit$$00000032  c_w.l(libinit2.o)
    0x0000024e   0x00000002   Code   RO         1235    .ARM.Collect$$libinit$$00000033  c_w.l(libinit2.o)
    0x00000250   0x00000002   Code   RO         1292    .ARM.Collect$$libshutdown$$00000000  c_w.l(libshutdown.o)
    0x00000252   0x00000000   Code   RO         1318    .ARM.Collect$$libshutdown$$00000003  c_w.l(libshutdown2.o)
    0x00000252   0x00000000   Code   RO         1321    .ARM.Collect$$libshutdown$$00000006  c_w.l(libshutdown2.o)
    0x00000252   0x00000000   Code   RO         1324    .ARM.Collect$$libshutdown$$00000009  c_w.l(libshutdown2.o)
    0x00000252   0x00000000   Code   RO         1326    .ARM.Collect$$libshutdown$$0000000B  c_w.l(libshutdown2.o)
    0x00000252   0x00000000   Code   RO         1329    .ARM.Collect$$libshutdown$$0000000E  c_w.l(libshutdown2.o)
    0x00000252   0x00000002   Code   RO         1330    .ARM.Collect$$libshutdown$$0000000F  c_w.l(libshutdown2.o)
    0x00000254   0x00000000   Code   RO         1003    .ARM.Collect$$rtentry$$00000000  c_w.l(__rtentry.o)
    0x00000254   0x00000000   Code   RO         1103    .ARM.Collect$$rtentry$$00000002  c_w.l(__rtentry2.o)
    0x00000254   0x00000006   Code   RO         1115    .ARM.Collect$$rtentry$$00000004  c_w.l(__rtentry4.o)
    0x0000025a   0x00000000   Code   RO         1105    .ARM.Collect$$rtentry$$00000009  c_w.l(__rtentry2.o)
    0x0000025a   0x00000004   Code   RO         1106    .ARM.Collect$$rtentry$$0000000A  c_w.l(__rtentry2.o)
    0x0000025e   0x00000000   Code   RO         1108    .ARM.Collect$$rtentry$$0000000C  c_w.l(__rtentry2.o)
    0x0000025e   0x00000008   Code   RO         1109    .ARM.Collect$$rtentry$$0000000D  c_w.l(__rtentry2.o)
    0x00000266   0x00000002   Code   RO         1236    .ARM.Collect$$rtexit$$00000000  c_w.l(rtexit.o)
    0x00000268   0x00000000   Code   RO         1258    .ARM.Collect$$rtexit$$00000002  c_w.l(rtexit2.o)
    0x00000268   0x00000004   Code   RO         1259    .ARM.Collect$$rtexit$$00000003  c_w.l(rtexit2.o)
    0x0000026c   0x00000006   Code   RO         1260    .ARM.Collect$$rtexit$$00000004  c_w.l(rtexit2.o)
    0x00000272   0x00000002   PAD
    0x00000274   0x0000003c   Code   RO            5    .text               startup_lpc177x_8x.o
    0x000002b0   0x00000034   Code   RO          274    .text               delay.o
    0x000002e4   0x00000014   Code   RO          921    .text               c_w.l(ldiv.o)
    0x000002f8   0x00000002   Code   RO         1307    .text               c_w.l(use_no_semi.o)
    0x000002fa   0x00000000   Code   RO         1309    .text               c_w.l(indicate_semi.o)
    0x000002fa   0x00000000   Code   RO         1098    x$fpl$usenofp       fz_ws.l(usenofp.o)
    0x000002fa   0x00000002   PAD
    0x000002fc   0x00000004   Code   RO            4    .ARM.__at_0x02FC    startup_lpc177x_8x.o
    0x00000300   0x00000384   Code   RO           24    .text               system_lpc177x_8x.o
    0x00000684   0x00000174   Code   RO           59    .text               adc.o
    0x000007f8   0x00000098   Code   RO          220    .text               at24c512.o
    0x00000890   0x000000b4   Code   RO          238    .text               crc.o
    0x00000944   0x00000100   Code   RO          256    .text               ctrl.o
    0x00000a44   0x00000f9c   Code   RO          292    .text               devicetest.o
    0x000019e0   0x00000088   Code   RO          310    .text               ds3232.o
    0x00001a68   0x00000420   Code   RO          333    .text               eeprom.o
    0x00001e88   0x000001cc   Code   RO          356    .text               fm25l04.o
    0x00002054   0x0000033c   Code   RO          376    .text               fyd12864.o
    0x00002390   0x00000470   Code   RO          401    .text               i2c0.o
    0x00002800   0x000005d8   Code   RO          425    .text               i2c1.o
    0x00002dd8   0x000002a4   Code   RO          445    .text               keyboard.o
    0x0000307c   0x00004c80   Code   RO          467    .text               menu.o
    0x00007cfc   0x000009a8   Code   RO          490    .text               modbus.o
    0x000086a4   0x0000067c   Code   RO          518    .text               mt318.o
    0x00008d20   0x000010e4   Code   RO          541    .text               printer.o
    0x00009e04   0x000016f0   Code   RO          564    .text               query.o
    0x0000b4f4   0x00001340   Code   RO          601    .text               splc.o
    0x0000c834   0x00000a0c   Code   RO          622    .text               ssp.o
    0x0000d240   0x00000958   Code   RO          646    .text               sst25vf064c.o
    0x0000db98   0x00001234   Code   RO          664    .text               threedes.o
    0x0000edcc   0x00000454   Code   RO          683    .text               turn.o
    0x0000f220   0x000008bc   Code   RO          701    .text               uart.o
    0x0000fadc   0x00000aa8   Code   RO          729    .text               main.o
    0x00010584   0x00002664   Code   RO          753    .text               lngctrl.o
    0x00012be8   0x0000111e   Code   RO          777    .text               controlparas.o
    0x00013d06   0x00000002   PAD
    0x00013d08   0x000017e4   Code   RO          795    .text               app.o
    0x000154ec   0x00000174   Code   RO          818    .text               password.o
    0x00015660   0x00000308   Code   RO          841    .text               timer.o
    0x00015968   0x00000150   Code   RO          863    .text               eleclabel.o
    0x00015ab8   0x00000024   Code   RO          882    .text               c_w.l(c89vsprintf.o)
    0x00015adc   0x0000002c   Code   RO          884    .text               c_w.l(__2sprintf.o)
    0x00015b08   0x0000004e   Code   RO          890    .text               c_w.l(_printf_pad.o)
    0x00015b56   0x00000002   PAD
    0x00015b58   0x00000078   Code   RO          892    .text               c_w.l(_printf_dec.o)
    0x00015bd0   0x00000188   Code   RO          911    .text               c_w.l(__printf_flags_ss_wp.o)
    0x00015d58   0x0000001a   Code   RO          917    .text               c_w.l(atol.o)
    0x00015d72   0x00000072   Code   RO          919    .text               c_w.l(strtoul.o)
    0x00015de4   0x00000058   Code   RO          923    .text               c_w.l(memcmp.o)
    0x00015e3c   0x0000003e   Code   RO          925    .text               c_w.l(strlen.o)
    0x00015e7a   0x0000008a   Code   RO          927    .text               c_w.l(rt_memcpy_v6.o)
    0x00015f04   0x00000064   Code   RO          929    .text               c_w.l(rt_memcpy_w.o)
    0x00015f68   0x00000010   Code   RO          931    .text               c_w.l(aeabi_memset.o)
    0x00015f78   0x00000044   Code   RO          933    .text               c_w.l(rt_memclr.o)
    0x00015fbc   0x0000004e   Code   RO          935    .text               c_w.l(rt_memclr_w.o)
    0x0001600a   0x00000006   Code   RO          937    .text               c_w.l(heapauxi.o)
    0x00016010   0x00000010   Code   RO         1004    .text               c_w.l(rt_ctype_table.o)
    0x00016020   0x00000008   Code   RO         1009    .text               c_w.l(rt_errno_addr_intlibspace.o)
    0x00016028   0x00000016   Code   RO         1011    .text               c_w.l(_rserrno.o)
    0x0001603e   0x00000024   Code   RO         1013    .text               c_w.l(_printf_truncate.o)
    0x00016062   0x00000052   Code   RO         1015    .text               c_w.l(_printf_str.o)
    0x000160b4   0x000000b2   Code   RO         1017    .text               c_w.l(_printf_intcommon.o)
    0x00016166   0x00000028   Code   RO         1019    .text               c_w.l(_printf_charcount.o)
    0x0001618e   0x0000041a   Code   RO         1021    .text               c_w.l(_printf_fp_dec.o)
    0x000165a8   0x00000030   Code   RO         1023    .text               c_w.l(_printf_char_common.o)
    0x000165d8   0x0000000a   Code   RO         1025    .text               c_w.l(_sputc.o)
    0x000165e2   0x00000002   PAD
    0x000165e4   0x000000bc   Code   RO         1027    .text               c_w.l(_printf_wctomb.o)
    0x000166a0   0x0000007c   Code   RO         1030    .text               c_w.l(_printf_longlong_dec.o)
    0x0001671c   0x00000070   Code   RO         1036    .text               c_w.l(_printf_oct_int_ll.o)
    0x0001678c   0x00000094   Code   RO         1056    .text               c_w.l(_printf_hex_int_ll_ptr.o)
    0x00016820   0x0000009e   Code   RO         1080    .text               c_w.l(_strtoul.o)
    0x000168be   0x00000002   PAD
    0x000168c0   0x000000a0   Code   RO         1082    .text               c_w.l(strtod.o)
    0x00016960   0x00000070   Code   RO         1084    .text               c_w.l(strtol.o)
    0x000169d0   0x00000008   Code   RO         1099    .text               c_w.l(libspace.o)
    0x000169d8   0x00000008   Code   RO         1120    .text               c_w.l(rt_locale_intlibspace.o)
    0x000169e0   0x0000008a   Code   RO         1122    .text               c_w.l(lludiv10.o)
    0x00016a6a   0x00000012   Code   RO         1124    .text               c_w.l(isspace.o)
    0x00016a7c   0x00000080   Code   RO         1126    .text               c_w.l(_printf_fp_infnan.o)
    0x00016afc   0x0000002c   Code   RO         1130    .text               c_w.l(_printf_char.o)
    0x00016b28   0x0000002c   Code   RO         1132    .text               c_w.l(_printf_wchar.o)
    0x00016b54   0x0000001c   Code   RO         1134    .text               c_w.l(_chval.o)
    0x00016b70   0x00000040   Code   RO         1136    .text               c_w.l(_sgetc.o)
    0x00016bb0   0x000000dc   Code   RO         1138    .text               c_w.l(bigflt0.o)
    0x00016c8c   0x00000040   Code   RO         1163    .text               c_w.l(_wcrtomb.o)
    0x00016ccc   0x0000004a   Code   RO         1177    .text               c_w.l(sys_stackheap_outer.o)
    0x00016d16   0x00000002   PAD
    0x00016d18   0x000004a4   Code   RO         1179    .text               c_w.l(scanf_fp.o)
    0x000171bc   0x0000000c   Code   RO         1181    .text               c_w.l(exit.o)
    0x000171c8   0x00000080   Code   RO         1183    .text               c_w.l(strcmpv7m.o)
    0x00017248   0x00000318   Code   RO         1264    .text               c_w.l(scanf_hexfp.o)
    0x00017560   0x00000134   Code   RO         1266    .text               c_w.l(scanf_infnan.o)
    0x00017694   0x0000000c   Code   RO         1280    .text               c_w.l(sys_exit.o)
    0x000176a0   0x00000026   Code   RO         1284    .text               c_w.l(llshl.o)
    0x000176c6   0x0000003e   Code   RO         1141    CL$$btod_d2e        c_w.l(btod.o)
    0x00017704   0x00000046   Code   RO         1143    CL$$btod_d2e_denorm_low  c_w.l(btod.o)
    0x0001774a   0x00000060   Code   RO         1142    CL$$btod_d2e_norm_op1  c_w.l(btod.o)
    0x000177aa   0x00000338   Code   RO         1151    CL$$btod_div_common  c_w.l(btod.o)
    0x00017ae2   0x00000002   PAD
    0x00017ae4   0x00000054   Code   RO         1149    CL$$btod_e2d        c_w.l(btod.o)
    0x00017b38   0x000000c6   Code   RO         1148    CL$$btod_e2e        c_w.l(btod.o)
    0x00017bfe   0x00000028   Code   RO         1145    CL$$btod_ediv       c_w.l(btod.o)
    0x00017c26   0x00000028   Code   RO         1147    CL$$btod_edivd      c_w.l(btod.o)
    0x00017c4e   0x00000028   Code   RO         1144    CL$$btod_emul       c_w.l(btod.o)
    0x00017c76   0x00000028   Code   RO         1146    CL$$btod_emuld      c_w.l(btod.o)
    0x00017c9e   0x00000244   Code   RO         1150    CL$$btod_mult_common  c_w.l(btod.o)
    0x00017ee2   0x00000028   Code   RO         1175    i.__ARM_fpclassify  m_ws.l(fpclassify.o)
    0x00017f0a   0x0000000e   Code   RO         1337    i.__mathlib_dbl_overflow  m_ws.l(dunder.o)
    0x00017f18   0x00000010   Code   RO         1339    i.__mathlib_dbl_underflow  m_ws.l(dunder.o)
    0x00017f28   0x00000010   Code   RO         1251    i.__mathlib_narrow  m_ws.l(narrow.o)
    0x00017f38   0x00000088   Code   RO         1252    i.__mathlib_tofloat  m_ws.l(narrow.o)
    0x00017fc0   0x00000016   Code   RO         1296    i.__support_ldexp   m_ws.l(ldexp.o)
    0x00017fd6   0x0000000e   Code   RO          904    i._is_digit         c_w.l(__printf_wp.o)
    0x00017fe4   0x0000002a   Code   RO         1000    i.atof              m_ws.l(atof.o)
    0x0001800e   0x00000002   PAD
    0x00018010   0x00000058   Code   RO         1275    i.frexp             m_ws.l(frexp.o)
    0x00018068   0x00000074   Code   RO         1297    i.ldexp             m_ws.l(ldexp.o)
    0x000180dc   0x0000002c   Code   RO         1166    locale$$code        c_w.l(lc_ctype_c.o)
    0x00018108   0x0000002c   Code   RO         1169    locale$$code        c_w.l(lc_numeric_c.o)
    0x00018134   0x00000062   Code   RO          941    x$fpl$d2f           fz_ws.l(d2f.o)
    0x00018196   0x00000002   PAD
    0x00018198   0x00000150   Code   RO          943    x$fpl$dadd          fz_ws.l(daddsub_clz.o)
    0x000182e8   0x00000010   Code   RO         1331    x$fpl$dcheck1       fz_ws.l(dcheck1.o)
    0x000182f8   0x00000018   Code   RO         1086    x$fpl$dcmpinf       fz_ws.l(dcmpi.o)
    0x00018310   0x000002b0   Code   RO          950    x$fpl$ddiv          fz_ws.l(ddiv.o)
    0x000185c0   0x00000078   Code   RO         1272    x$fpl$deqf          fz_ws.l(deqf.o)
    0x00018638   0x0000005a   Code   RO          953    x$fpl$dfixu         fz_ws.l(dfixu.o)
    0x00018692   0x00000026   Code   RO          957    x$fpl$dfltu         fz_ws.l(dflt_clz.o)
    0x000186b8   0x00000078   Code   RO          963    x$fpl$dleqf         fz_ws.l(dleqf.o)
    0x00018730   0x00000154   Code   RO          965    x$fpl$dmul          fz_ws.l(dmul.o)
    0x00018884   0x0000009c   Code   RO         1088    x$fpl$dnaninf       fz_ws.l(dnaninf.o)
    0x00018920   0x0000000c   Code   RO         1090    x$fpl$dretinf       fz_ws.l(dretinf.o)
    0x0001892c   0x0000006c   Code   RO          967    x$fpl$drleqf        fz_ws.l(drleqf.o)
    0x00018998   0x000001d4   Code   RO          945    x$fpl$dsub          fz_ws.l(daddsub_clz.o)
    0x00018b6c   0x00000056   Code   RO          969    x$fpl$f2d           fz_ws.l(f2d.o)
    0x00018bc2   0x00000002   PAD
    0x00018bc4   0x000000c4   Code   RO          971    x$fpl$fadd          fz_ws.l(faddsub_clz.o)
    0x00018c88   0x00000018   Code   RO         1092    x$fpl$fcmpinf       fz_ws.l(fcmpi.o)
    0x00018ca0   0x00000036   Code   RO          977    x$fpl$ffix          fz_ws.l(ffix.o)
    0x00018cd6   0x00000002   PAD
    0x00018cd8   0x0000003e   Code   RO          981    x$fpl$ffixu         fz_ws.l(ffixu.o)
    0x00018d16   0x00000002   PAD
    0x00018d18   0x00000030   Code   RO          986    x$fpl$fflt          fz_ws.l(fflt_clz.o)
    0x00018d48   0x00000026   Code   RO          985    x$fpl$ffltu         fz_ws.l(fflt_clz.o)
    0x00018d6e   0x00000002   PAD
    0x00018d70   0x00000068   Code   RO          991    x$fpl$fleqf         fz_ws.l(fleqf.o)
    0x00018dd8   0x00000102   Code   RO          993    x$fpl$fmul          fz_ws.l(fmul.o)
    0x00018eda   0x0000008c   Code   RO         1094    x$fpl$fnaninf       fz_ws.l(fnaninf.o)
    0x00018f66   0x0000000a   Code   RO         1096    x$fpl$fretinf       fz_ws.l(fretinf.o)
    0x00018f70   0x00000062   Code   RO          995    x$fpl$frleqf        fz_ws.l(frleqf.o)
    0x00018fd2   0x00000002   PAD
    0x00018fd4   0x000000ea   Code   RO          973    x$fpl$fsub          fz_ws.l(faddsub_clz.o)
    0x000190be   0x00000004   Code   RO          997    x$fpl$printf1       fz_ws.l(printf1.o)
    0x000190c2   0x00000064   Code   RO         1352    x$fpl$retnan        fz_ws.l(retnan.o)
    0x00019126   0x0000005c   Code   RO         1293    x$fpl$scalbn        fz_ws.l(scalbn.o)
    0x00019182   0x00000004   Code   RO         1173    x$fpl$scanf1        fz_ws.l(scanf1.o)
    0x00019186   0x00000008   Code   RO         1245    x$fpl$scanf2        fz_ws.l(scanf2.o)
    0x0001918e   0x00000030   Code   RO         1358    x$fpl$trapveneer    fz_ws.l(trapv.o)
    0x000191be   0x00000002   PAD
    0x000191c0   0x00000016   Data   RO          492    .constdata          modbus.o
    0x000191d6   0x00000002   PAD
    0x000191d8   0x00000034   Data   RO          520    .constdata          mt318.o
    0x0001920c   0x000002b8   Data   RO          603    .constdata          splc.o
    0x000194c4   0x00000011   Data   RO          912    .constdata          c_w.l(__printf_flags_ss_wp.o)
    0x000194d5   0x00000003   PAD
    0x000194d8   0x00000008   Data   RO         1028    .constdata          c_w.l(_printf_wctomb.o)
    0x000194e0   0x00000028   Data   RO         1057    .constdata          c_w.l(_printf_hex_int_ll_ptr.o)
    0x00019508   0x00000094   Data   RO         1139    .constdata          c_w.l(bigflt0.o)
    0x0001959c   0x00000020   Data   RO         1376    Region$$Table       anon$$obj.o
    0x000195bc   0x00000008   Data   RO         1240    c$$dinf             fz_ws.l(fpconst.o)
    0x000195c4   0x00000110   Data   RO         1165    locale$$data        c_w.l(lc_ctype_c.o)
    0x000196d4   0x0000001c   Data   RO         1168    locale$$data        c_w.l(lc_numeric_c.o)


    Execution Region RW_IRAM1 (Base: 0x10000000, Size: 0x00004f90, Max: 0x00010000, ABSOLUTE, COMPRESSED[0x000005b4])

    Base Addr    Size         Type   Attr      Idx    E Section Name        Object

    0x10000000   0x00000010   Data   RW           25    .data               system_lpc177x_8x.o
    0x10000010   0x00000006   Data   RW          312    .data               ds3232.o
    0x10000016   0x00000002   PAD
    0x10000018   0x00000004   Data   RW          335    .data               eeprom.o
    0x1000001c   0x00000002   Data   RW          358    .data               fm25l04.o
    0x1000001e   0x00000002   PAD
    0x10000020   0x00000016   Data   RW          403    .data               i2c0.o
    0x10000036   0x00000002   PAD
    0x10000038   0x00000016   Data   RW          427    .data               i2c1.o
    0x1000004e   0x00000002   PAD
    0x10000050   0x00000008   Data   RW          469    .data               menu.o
    0x10000058   0x00000100   Data   RW          543    .data               printer.o
    0x10000158   0x000002a0   Data   RW          604    .data               splc.o
    0x100003f8   0x00000024   Data   RW          624    .data               ssp.o
    0x1000041c   0x00000250   Data   RW          666    .data               threedes.o
    0x1000066c   0x00000033   Data   RW          703    .data               uart.o
    0x1000069f   0x00000001   PAD
    0x100006a0   0x000000f8   Data   RW          731    .data               main.o
    0x10000798   0x00000010   Data   RW          755    .data               lngctrl.o
    0x100007a8   0x00000016   Data   RW          797    .data               app.o
    0x100007be   0x00000006   Data   RW          820    .data               password.o
    0x100007c4   0x0000003b   Zero   RW          446    .bss                keyboard.o
    0x100007ff   0x00000103   Zero   RW          491    .bss                modbus.o
    0x10000902   0x000000a2   Zero   RW          519    .bss                mt318.o
    0x100009a4   0x00000047   Zero   RW          565    .bss                query.o
    0x100009eb   0x00000028   Zero   RW          602    .bss                splc.o
    0x10000a13   0x0000037a   Zero   RW          702    .bss                uart.o
    0x10000d8d   0x0000058a   Zero   RW          730    .bss                main.o
    0x10001317   0x000003e2   Zero   RW          796    .bss                app.o
    0x100016f9   0x00000037   Zero   RW          842    .bss                timer.o
    0x10001730   0x00000060   Zero   RW         1100    .bss                c_w.l(libspace.o)
    0x10001790   0x00000000   Zero   RW            2    HEAP                startup_lpc177x_8x.o
    0x10001790   0x00003800   Zero   RW            1    STACK               startup_lpc177x_8x.o


==============================================================================

Image component sizes


      Code (inc. data)   RO Data    RW Data    ZI Data      Debug   Object Name

       372         28          0          0          0      40483   adc.o
      6116        518          0         22        994      13885   app.o
       152          4          0          0          0       1448   at24c512.o
      4382       1216          0          0          0       5126   controlparas.o
         0          0          0          0          0       4504   core_cm3.o
       180          6          0          0          0       1619   crc.o
       256          8          0          0          0        771   ctrl.o
        52          0          0          0          0        658   delay.o
      3996       1140          0          0          0       6995   devicetest.o
       136          6          0          6          0       1738   ds3232.o
      1056         44          0          4          0       3608   eeprom.o
       336        118          0          0          0        662   eleclabel.o
       460         20          0          2          0       2301   fm25l04.o
       828         10          0          0          0       3993   fyd12864.o
      1136         74          0         22          0      20030   i2c0.o
      1496        148          0         22          0       4687   i2c1.o
       676         26          0          0         59       2393   keyboard.o
      9828       1404          0         16          0       9959   lngctrl.o
      2728        506          0        248       1418      11045   main.o
     19584       4406          0          8          0      25774   menu.o
      2472        106         22          0        259       8791   modbus.o
      1660         56         52          0        162       4979   mt318.o
       372         20          0          6          0       2387   password.o
      4324       1688          0        256          0       4337   printer.o
      5872       1596          0          0         71       6736   query.o
      4928        168        696        672         40      12218   splc.o
      2572        102          0         36          0      21545   ssp.o
      2392         44          0          0          0       6679   sst25vf064c.o
        64         26        228          0      14336       1108   startup_lpc177x_8x.o
       900         38          0         16          0       1251   system_lpc177x_8x.o
      4660         40          0        592          0       3759   threedes.o
       776         50          0          0         55       2676   timer.o
      1108         82          0          0          0       4903   turn.o
      2236        168          0         51        890      23400   uart.o

    ----------------------------------------------------------------------
     88108      13866       1032       1988      18284     266448   Object Totals
         0          0         32          0          0          0   (incl. Generated)
         2          0          2          9          0          0   (incl. Padding)

    ----------------------------------------------------------------------

      Code (inc. data)   RO Data    RW Data    ZI Data      Debug   Library Member Name

        44          6          0          0          0         84   __2sprintf.o
       100          0          0          0          0          0   __dclz77c.o
         8          0          0          0          0         68   __main.o
       392          4         17          0          0         92   __printf_flags_ss_wp.o
        14          0          0          0          0         68   __printf_wp.o
         0          0          0          0          0          0   __rtentry.o
        12          0          0          0          0          0   __rtentry2.o
         6          0          0          0          0          0   __rtentry4.o
        52          8          0          0          0          0   __scatter.o
        28          0          0          0          0          0   __scatter_zi.o
        28          0          0          0          0         68   _chval.o
         6          0          0          0          0          0   _printf_a.o
         6          0          0          0          0          0   _printf_c.o
        44          0          0          0          0        108   _printf_char.o
        48          6          0          0          0         96   _printf_char_common.o
        40          0          0          0          0         68   _printf_charcount.o
         6          0          0          0          0          0   _printf_d.o
       120         16          0          0          0         92   _printf_dec.o
         6          0          0          0          0          0   _printf_e.o
         6          0          0          0          0          0   _printf_f.o
      1050          0          0          0          0        216   _printf_fp_dec.o
       128         16          0          0          0         84   _printf_fp_infnan.o
         6          0          0          0          0          0   _printf_g.o
       148          4         40          0          0        160   _printf_hex_int_ll_ptr.o
         6          0          0          0          0          0   _printf_i.o
       178          0          0          0          0         88   _printf_intcommon.o
        10          0          0          0          0          0   _printf_l.o
         6          0          0          0          0          0   _printf_lc.o
        10          0          0          0          0          0   _printf_ll.o
         6          0          0          0          0          0   _printf_lld.o
         6          0          0          0          0          0   _printf_lli.o
         6          0          0          0          0          0   _printf_llo.o
         6          0          0          0          0          0   _printf_llu.o
         6          0          0          0          0          0   _printf_llx.o
       124         16          0          0          0         92   _printf_longlong_dec.o
         6          0          0          0          0          0   _printf_ls.o
         6          0          0          0          0          0   _printf_n.o
         6          0          0          0          0          0   _printf_o.o
       112          8          0          0          0        124   _printf_oct_int_ll.o
         6          0          0          0          0          0   _printf_p.o
        78          0          0          0          0        108   _printf_pad.o
         0          0          0          0          0          0   _printf_percent.o
         4          0          0          0          0          0   _printf_percent_end.o
         6          0          0          0          0          0   _printf_s.o
        82          0          0          0          0         80   _printf_str.o
        36          0          0          0          0         84   _printf_truncate.o
         6          0          0          0          0          0   _printf_u.o
        44          0          0          0          0        108   _printf_wchar.o
       188          6          8          0          0         92   _printf_wctomb.o
         6          0          0          0          0          0   _printf_x.o
        22          0          0          0          0        100   _rserrno.o
        64          0          0          0          0         84   _sgetc.o
        10          0          0          0          0         68   _sputc.o
       158          0          0          0          0         92   _strtoul.o
        64          0          0          0          0         92   _wcrtomb.o
        16          0          0          0          0         68   aeabi_memset.o
        26          0          0          0          0         80   atol.o
       220          4        148          0          0         96   bigflt0.o
      2074        132          0          0          0        940   btod.o
        36          4          0          0          0         76   c89vsprintf.o
        12          0          0          0          0         72   exit.o
         6          0          0          0          0        152   heapauxi.o
         0          0          0          0          0          0   indicate_semi.o
        18          0          0          0          0         76   isspace.o
        44         10        272          0          0         76   lc_ctype_c.o
        44         10         28          0          0         76   lc_numeric_c.o
        20          0          0          0          0         76   ldiv.o
         2          0          0          0          0          0   libinit.o
        30          0          0          0          0          0   libinit2.o
         2          0          0          0          0          0   libshutdown.o
         2          0          0          0          0          0   libshutdown2.o
         8          4          0          0         96         68   libspace.o
        38          0          0          0          0         68   llshl.o
       138          0          0          0          0         80   lludiv10.o
        88          0          0          0          0         76   memcmp.o
        16          4          0          0          0         76   rt_ctype_table.o
         8          4          0          0          0         68   rt_errno_addr_intlibspace.o
         8          4          0          0          0         68   rt_locale_intlibspace.o
        68          0          0          0          0         68   rt_memclr.o
        78          0          0          0          0         80   rt_memclr_w.o
       138          0          0          0          0         68   rt_memcpy_v6.o
       100          0          0          0          0         80   rt_memcpy_w.o
         2          0          0          0          0          0   rtexit.o
        10          0          0          0          0          0   rtexit2.o
      1188         12          0          0          0        148   scanf_fp.o
       792         14          0          0          0        100   scanf_hexfp.o
       308         16          0          0          0        100   scanf_infnan.o
       128          0          0          0          0         68   strcmpv7m.o
        62          0          0          0          0         76   strlen.o
       160         12          0          0          0        120   strtod.o
       112          0          0          0          0         88   strtol.o
       114          0          0          0          0         92   strtoul.o
        12          4          0          0          0         68   sys_exit.o
        74          0          0          0          0         80   sys_stackheap_outer.o
         2          0          0          0          0         68   use_no_semi.o
        98          4          0          0          0         92   d2f.o
       804         16          0          0          0        272   daddsub_clz.o
        16          4          0          0          0         68   dcheck1.o
        24          0          0          0          0         68   dcmpi.o
       688        140          0          0          0        208   ddiv.o
       120          4          0          0          0         92   deqf.o
        90          4          0          0          0         92   dfixu.o
        38          0          0          0          0         68   dflt_clz.o
       120          4          0          0          0         92   dleqf.o
       340         12          0          0          0        104   dmul.o
       156          4          0          0          0         92   dnaninf.o
        12          0          0          0          0         68   dretinf.o
       108          0          0          0          0         80   drleqf.o
        86          4          0          0          0         84   f2d.o
       430          8          0          0          0        168   faddsub_clz.o
        24          0          0          0          0         68   fcmpi.o
        54          4          0          0          0         84   ffix.o
        62          4          0          0          0         84   ffixu.o
        86          0          0          0          0        136   fflt_clz.o
       104          4          0          0          0         84   fleqf.o
       258          4          0          0          0         84   fmul.o
       140          4          0          0          0         84   fnaninf.o
         0          0          8          0          0          0   fpconst.o
        10          0          0          0          0         68   fretinf.o
        98          0          0          0          0         68   frleqf.o
         4          0          0          0          0         68   printf1.o
       100          0          0          0          0         68   retnan.o
        92          0          0          0          0         68   scalbn.o
         4          0          0          0          0         68   scanf1.o
         8          0          0          0          0         84   scanf2.o
        48          0          0          0          0         68   trapv.o
         0          0          0          0          0          0   usenofp.o
        42          0          0          0          0         84   atof.o
        30          6          0          0          0        136   dunder.o
        40          0          0          0          0         68   fpclassify.o
        88          8          0          0          0         76   frexp.o
       138          0          0          0          0        160   ldexp.o
       152          4          0          0          0        168   narrow.o

    ----------------------------------------------------------------------
     14512        568        524          0         96       9536   Library Totals
        30          2          3          0          0          0   (incl. Padding)

    ----------------------------------------------------------------------

      Code (inc. data)   RO Data    RW Data    ZI Data      Debug   Library Name

      9770        324        513          0         96       6012   c_w.l
      4222        224          8          0          0       2832   fz_ws.l
       490         18          0          0          0        692   m_ws.l

    ----------------------------------------------------------------------
     14512        568        524          0         96       9536   Library Totals

    ----------------------------------------------------------------------

==============================================================================


      Code (inc. data)   RO Data    RW Data    ZI Data      Debug   

    102620      14434       1556       1988      18380     267504   Grand Totals
    102620      14434       1556       1460      18380     267504   ELF Image Totals (compressed)
    102620      14434       1556       1460          0          0   ROM Totals

==============================================================================

    Total RO  Size (Code + RO Data)               104176 ( 101.73kB)
    Total RW  Size (RW Data + ZI Data)             20368 (  19.89kB)
    Total ROM Size (Code + RO Data + RW Data)     105636 ( 103.16kB)

==============================================================================

